// Vitest Snapshot v1, https://vitest.dev/guide/snapshot.html

exports[`should work as expected 1`] = `<CellBooking />`;
